Archive member included because of file (symbol)

d:/users/jorge/eclipse/eclipsearm/sourcery-g++-lite-arm-2011.03/bin/../lib/gcc/arm-none-eabi/4.5.2\libgcc.a(_divsi3.o)
                              ./utils.o (__aeabi_idiv)
d:/users/jorge/eclipse/eclipsearm/sourcery-g++-lite-arm-2011.03/bin/../lib/gcc/arm-none-eabi/4.5.2\libgcc.a(_dvmd_tls.o)
                              d:/users/jorge/eclipse/eclipsearm/sourcery-g++-lite-arm-2011.03/bin/../lib/gcc/arm-none-eabi/4.5.2\libgcc.a(_divsi3.o) (__aeabi_idiv0)

Memory Configuration

Name             Origin             Length             Attributes
*default*        0x00000000         0xffffffff

Linker script and memory map

LOAD ./D8Led.o
LOAD ./init.o
LOAD ./keyboard.o
LOAD ./leds.o
LOAD ./main.o
LOAD ./timer.o
LOAD ./utils.o
START GROUP
LOAD d:/users/jorge/eclipse/eclipsearm/sourcery-g++-lite-arm-2011.03/bin/../lib/gcc/arm-none-eabi/4.5.2\libgcc.a
LOAD d:/users/jorge/eclipse/eclipsearm/sourcery-g++-lite-arm-2011.03/bin/../lib/gcc/arm-none-eabi/4.5.2/../../../../arm-none-eabi/lib\libc.a
END GROUP
                0x0c100000                . = 0xc100000

.data           0x0c100000       0x64
 *(.data)
 .data          0x0c100000       0x60 ./D8Led.o
 .data          0x0c100060        0x0 ./init.o
 .data          0x0c100060        0x0 ./keyboard.o
 .data          0x0c100060        0x0 ./leds.o
 .data          0x0c100060        0x0 ./main.o
 .data          0x0c100060        0x0 ./timer.o
 .data          0x0c100060        0x4 ./utils.o
 .data          0x0c100064        0x0 d:/users/jorge/eclipse/eclipsearm/sourcery-g++-lite-arm-2011.03/bin/../lib/gcc/arm-none-eabi/4.5.2\libgcc.a(_divsi3.o)
 .data          0x0c100064        0x0 d:/users/jorge/eclipse/eclipsearm/sourcery-g++-lite-arm-2011.03/bin/../lib/gcc/arm-none-eabi/4.5.2\libgcc.a(_dvmd_tls.o)
 *(.rodata)

.bss            0x0c100064       0x34
 *(.bss)
 .bss           0x0c100064        0x0 ./D8Led.o
 .bss           0x0c100064        0x0 ./init.o
 .bss           0x0c100064       0x1c ./keyboard.o
 .bss           0x0c100080        0x4 ./leds.o
 .bss           0x0c100084        0x0 ./main.o
 .bss           0x0c100084       0x14 ./timer.o
 .bss           0x0c100098        0x0 ./utils.o
 .bss           0x0c100098        0x0 d:/users/jorge/eclipse/eclipsearm/sourcery-g++-lite-arm-2011.03/bin/../lib/gcc/arm-none-eabi/4.5.2\libgcc.a(_divsi3.o)
 .bss           0x0c100098        0x0 d:/users/jorge/eclipse/eclipsearm/sourcery-g++-lite-arm-2011.03/bin/../lib/gcc/arm-none-eabi/4.5.2\libgcc.a(_dvmd_tls.o)

.text           0x0c100098     0x10b4
 *(.text)
 .text          0x0c100098       0xdc ./D8Led.o
                0x0c100098                D8Led_init
                0x0c1000bc                D8Led_segment
                0x0c100118                D8Led_digit
 .text          0x0c100174       0x58 ./init.o
                0x0c100174                start
 .text          0x0c1001cc      0x584 ./keyboard.o
                0x0c1001cc                keyboard_init
 .text          0x0c100750      0x2b8 ./leds.o
                0x0c100750                leds_init
                0x0c100790                led1_on
                0x0c1007d0                led1_off
                0x0c100810                led2_on
                0x0c100850                led2_off
                0x0c100890                led1_switch
                0x0c1008d0                led2_switch
                0x0c100910                leds_switch
                0x0c100950                leds_display
 .text          0x0c100a08       0xa4 ./main.o
                0x0c100a08                main
                0x0c100a38                intcont_init
 .text          0x0c100aac      0x320 ./timer.o
                0x0c100b58                timer_init
                0x0c100c08                timer_start
                0x0c100cf8                timer_stop
                0x0c100d98                timer_isStop
 .text          0x0c100dcc      0x234 ./utils.o
                0x0c100dcc                Delay
                0x0c100f04                insertElementToQueue
 .text          0x0c101000      0x148 d:/users/jorge/eclipse/eclipsearm/sourcery-g++-lite-arm-2011.03/bin/../lib/gcc/arm-none-eabi/4.5.2\libgcc.a(_divsi3.o)
                0x0c101000                __divsi3
                0x0c101000                __aeabi_idiv
                0x0c101128                __aeabi_idivmod
 .text          0x0c101148        0x4 d:/users/jorge/eclipse/eclipsearm/sourcery-g++-lite-arm-2011.03/bin/../lib/gcc/arm-none-eabi/4.5.2\libgcc.a(_dvmd_tls.o)
                0x0c101148                __aeabi_idiv0
                0x0c101148                __aeabi_ldiv0
                0x0c10114c                PROVIDE (end, .)
START GROUP
LOAD d:/users/jorge/eclipse/eclipsearm/sourcery-g++-lite-arm-2011.03/bin/../lib/gcc/arm-none-eabi/4.5.2\libgcc.a
LOAD d:/users/jorge/eclipse/eclipsearm/sourcery-g++-lite-arm-2011.03/bin/../lib/gcc/arm-none-eabi/4.5.2/../../../../arm-none-eabi/lib\libg.a
LOAD d:/users/jorge/eclipse/eclipsearm/sourcery-g++-lite-arm-2011.03/bin/../lib/gcc/arm-none-eabi/4.5.2/../../../../arm-none-eabi/lib\libc.a
LOAD d:/users/jorge/eclipse/eclipsearm/sourcery-g++-lite-arm-2011.03/bin/../lib/gcc/arm-none-eabi/4.5.2/../../../../arm-none-eabi/lib\libm.a
LOAD d:/users/jorge/eclipse/eclipsearm/sourcery-g++-lite-arm-2011.03/bin/../lib/gcc/arm-none-eabi/4.5.2/../../../../arm-none-eabi/lib\libnosys.a
END GROUP
OUTPUT(Lab3.elf elf32-littlearm)

.glue_7         0x0c10114c        0x0
 .glue_7        0x00000000        0x0 linker stubs

.glue_7t        0x0c10114c        0x0
 .glue_7t       0x00000000        0x0 linker stubs

.vfp11_veneer   0x0c10114c        0x0
 .vfp11_veneer  0x00000000        0x0 linker stubs

.v4_bx          0x0c10114c        0x0
 .v4_bx         0x00000000        0x0 linker stubs

.debug_abbrev   0x00000000      0x3fd
 .debug_abbrev  0x00000000       0x88 ./D8Led.o
 .debug_abbrev  0x00000088       0x14 ./init.o
 .debug_abbrev  0x0000009c      0x105 ./keyboard.o
 .debug_abbrev  0x000001a1       0x6b ./leds.o
 .debug_abbrev  0x0000020c       0x70 ./main.o
 .debug_abbrev  0x0000027c       0xc4 ./timer.o
 .debug_abbrev  0x00000340       0xbd ./utils.o

.debug_info     0x00000000      0x73d
 .debug_info    0x00000000       0xdf ./D8Led.o
 .debug_info    0x000000df       0x5b ./init.o
 .debug_info    0x0000013a      0x1da ./keyboard.o
 .debug_info    0x00000314      0x112 ./leds.o
 .debug_info    0x00000426       0x81 ./main.o
 .debug_info    0x000004a7      0x172 ./timer.o
 .debug_info    0x00000619      0x124 ./utils.o

.debug_line     0x00000000      0x435
 .debug_line    0x00000000       0x6d ./D8Led.o
 .debug_line    0x0000006d       0x4e ./init.o
 .debug_line    0x000000bb      0x11c ./keyboard.o
 .debug_line    0x000001d7       0x7a ./leds.o
 .debug_line    0x00000251       0x9e ./main.o
 .debug_line    0x000002ef       0xb1 ./timer.o
 .debug_line    0x000003a0       0x95 ./utils.o

.debug_macinfo  0x00000000    0x1daea
 .debug_macinfo
                0x00000000     0x5304 ./D8Led.o
 .debug_macinfo
                0x00005304     0x4e69 ./keyboard.o
 .debug_macinfo
                0x0000a16d     0x4e71 ./leds.o
 .debug_macinfo
                0x0000efde     0x4e73 ./main.o
 .debug_macinfo
                0x00013e51     0x4e5d ./timer.o
 .debug_macinfo
                0x00018cae     0x4e3c ./utils.o

.debug_loc      0x00000000      0x420
 .debug_loc     0x00000000       0x84 ./D8Led.o
 .debug_loc     0x00000084       0x84 ./keyboard.o
 .debug_loc     0x00000108      0x18c ./leds.o
 .debug_loc     0x00000294       0x58 ./main.o
 .debug_loc     0x000002ec       0xdc ./timer.o
 .debug_loc     0x000003c8       0x58 ./utils.o

.debug_pubnames
                0x00000000      0x1ac
 .debug_pubnames
                0x00000000       0x43 ./D8Led.o
 .debug_pubnames
                0x00000043       0x24 ./keyboard.o
 .debug_pubnames
                0x00000067       0x93 ./leds.o
 .debug_pubnames
                0x000000fa       0x2c ./main.o
 .debug_pubnames
                0x00000126       0x51 ./timer.o
 .debug_pubnames
                0x00000177       0x35 ./utils.o

.debug_aranges  0x00000000       0xe0
 .debug_aranges
                0x00000000       0x20 ./D8Led.o
 .debug_aranges
                0x00000020       0x20 ./init.o
 .debug_aranges
                0x00000040       0x20 ./keyboard.o
 .debug_aranges
                0x00000060       0x20 ./leds.o
 .debug_aranges
                0x00000080       0x20 ./main.o
 .debug_aranges
                0x000000a0       0x20 ./timer.o
 .debug_aranges
                0x000000c0       0x20 ./utils.o

.debug_str      0x00000000      0x2a0
 .debug_str     0x00000000       0x85 ./D8Led.o
 .debug_str     0x00000085       0xc0 ./keyboard.o
                                 0xeb (size before relaxing)
 .debug_str     0x00000145       0x73 ./leds.o
                                 0xb9 (size before relaxing)
 .debug_str     0x000001b8       0x1c ./main.o
                                 0x73 (size before relaxing)
 .debug_str     0x000001d4       0x83 ./timer.o
                                 0xf7 (size before relaxing)
 .debug_str     0x00000257       0x49 ./utils.o
                                 0xbd (size before relaxing)

.comment        0x00000000       0x2a
 .comment       0x00000000       0x2a ./D8Led.o
                                 0x2b (size before relaxing)
 .comment       0x00000000       0x2b ./keyboard.o
 .comment       0x00000000       0x2b ./leds.o
 .comment       0x00000000       0x2b ./main.o
 .comment       0x00000000       0x2b ./timer.o
 .comment       0x00000000       0x2b ./utils.o

.ARM.attributes
                0x00000000       0x30
 .ARM.attributes
                0x00000000       0x32 ./D8Led.o
 .ARM.attributes
                0x00000032       0x22 ./init.o
 .ARM.attributes
                0x00000054       0x32 ./keyboard.o
 .ARM.attributes
                0x00000086       0x32 ./leds.o
 .ARM.attributes
                0x000000b8       0x32 ./main.o
 .ARM.attributes
                0x000000ea       0x32 ./timer.o
 .ARM.attributes
                0x0000011c       0x32 ./utils.o
 .ARM.attributes
                0x0000014e       0x1a d:/users/jorge/eclipse/eclipsearm/sourcery-g++-lite-arm-2011.03/bin/../lib/gcc/arm-none-eabi/4.5.2\libgcc.a(_divsi3.o)
 .ARM.attributes
                0x00000168       0x18 d:/users/jorge/eclipse/eclipsearm/sourcery-g++-lite-arm-2011.03/bin/../lib/gcc/arm-none-eabi/4.5.2\libgcc.a(_dvmd_tls.o)

.debug_frame    0x00000000      0x398
 .debug_frame   0x00000000       0x70 ./D8Led.o
 .debug_frame   0x00000070       0x7c ./keyboard.o
 .debug_frame   0x000000ec      0x130 ./leds.o
 .debug_frame   0x0000021c       0x50 ./main.o
 .debug_frame   0x0000026c       0xbc ./timer.o
 .debug_frame   0x00000328       0x50 ./utils.o
 .debug_frame   0x00000378       0x20 d:/users/jorge/eclipse/eclipsearm/sourcery-g++-lite-arm-2011.03/bin/../lib/gcc/arm-none-eabi/4.5.2\libgcc.a(_divsi3.o)

.debug_pubtypes
                0x00000000       0x69
 .debug_pubtypes
                0x00000000       0x1d ./keyboard.o
 .debug_pubtypes
                0x0000001d       0x12 ./main.o
 .debug_pubtypes
                0x0000002f       0x1d ./timer.o
 .debug_pubtypes
                0x0000004c       0x1d ./utils.o
