Archive member included because of file (symbol)

c:/software/electronica/arm/eclipsearm/sourcery-g++-lite-arm-2011.03/bin/../lib/gcc/arm-none-eabi/4.5.2\libgcc.a(_divsi3.o)
                              ./utils.o (__aeabi_idiv)
c:/software/electronica/arm/eclipsearm/sourcery-g++-lite-arm-2011.03/bin/../lib/gcc/arm-none-eabi/4.5.2\libgcc.a(_dvmd_tls.o)
                              c:/software/electronica/arm/eclipsearm/sourcery-g++-lite-arm-2011.03/bin/../lib/gcc/arm-none-eabi/4.5.2\libgcc.a(_divsi3.o) (__aeabi_idiv0)

Memory Configuration

Name             Origin             Length             Attributes
*default*        0x00000000         0xffffffff

Linker script and memory map

LOAD ./D8Led.o
LOAD ./init.o
LOAD ./keyboard.o
LOAD ./leds.o
LOAD ./main.o
LOAD ./timer.o
LOAD ./utils.o
START GROUP
LOAD c:/software/electronica/arm/eclipsearm/sourcery-g++-lite-arm-2011.03/bin/../lib/gcc/arm-none-eabi/4.5.2\libgcc.a
LOAD c:/software/electronica/arm/eclipsearm/sourcery-g++-lite-arm-2011.03/bin/../lib/gcc/arm-none-eabi/4.5.2/../../../../arm-none-eabi/lib\libc.a
END GROUP
                0x0c100000                . = 0xc100000

.data           0x0c100000       0x64
 *(.data)
 .data          0x0c100000       0x60 ./D8Led.o
 .data          0x0c100060        0x0 ./init.o
 .data          0x0c100060        0x0 ./keyboard.o
 .data          0x0c100060        0x0 ./leds.o
 .data          0x0c100060        0x0 ./main.o
 .data          0x0c100060        0x0 ./timer.o
 .data          0x0c100060        0x4 ./utils.o
 .data          0x0c100064        0x0 c:/software/electronica/arm/eclipsearm/sourcery-g++-lite-arm-2011.03/bin/../lib/gcc/arm-none-eabi/4.5.2\libgcc.a(_divsi3.o)
 .data          0x0c100064        0x0 c:/software/electronica/arm/eclipsearm/sourcery-g++-lite-arm-2011.03/bin/../lib/gcc/arm-none-eabi/4.5.2\libgcc.a(_dvmd_tls.o)
 *(.rodata)

.bss            0x0c100064       0x24
 *(.bss)
 .bss           0x0c100064        0x0 ./D8Led.o
 .bss           0x0c100064        0x0 ./init.o
 .bss           0x0c100064        0xc ./keyboard.o
 .bss           0x0c100070        0x4 ./leds.o
 .bss           0x0c100074        0x0 ./main.o
 .bss           0x0c100074       0x14 ./timer.o
 .bss           0x0c100088        0x0 ./utils.o
 .bss           0x0c100088        0x0 c:/software/electronica/arm/eclipsearm/sourcery-g++-lite-arm-2011.03/bin/../lib/gcc/arm-none-eabi/4.5.2\libgcc.a(_divsi3.o)
 .bss           0x0c100088        0x0 c:/software/electronica/arm/eclipsearm/sourcery-g++-lite-arm-2011.03/bin/../lib/gcc/arm-none-eabi/4.5.2\libgcc.a(_dvmd_tls.o)

.text           0x0c100088      0xe2c
 *(.text)
 .text          0x0c100088       0xdc ./D8Led.o
                0x0c100088                D8Led_init
                0x0c1000ac                D8Led_segment
                0x0c100108                D8Led_digit
 .text          0x0c100164       0x58 ./init.o
                0x0c100164                start
 .text          0x0c1001bc      0x3b0 ./keyboard.o
                0x0c1001bc                keyboard_init
 .text          0x0c10056c      0x2b8 ./leds.o
                0x0c10056c                leds_init
                0x0c1005ac                led1_on
                0x0c1005ec                led1_off
                0x0c10062c                led2_on
                0x0c10066c                led2_off
                0x0c1006ac                led1_switch
                0x0c1006ec                led2_switch
                0x0c10072c                leds_switch
                0x0c10076c                leds_display
 .text          0x0c100824       0xa4 ./main.o
                0x0c100824                main
                0x0c100854                intcont_init
 .text          0x0c1008c8      0x2d4 ./timer.o
                0x0c10095c                timer_init
                0x0c100a0c                timer_start
                0x0c100afc                timer_stop
 .text          0x0c100b9c      0x1cc ./utils.o
                0x0c100b9c                Delay
                0x0c100cd4                insertElementToFIFO
 .text          0x0c100d68      0x148 c:/software/electronica/arm/eclipsearm/sourcery-g++-lite-arm-2011.03/bin/../lib/gcc/arm-none-eabi/4.5.2\libgcc.a(_divsi3.o)
                0x0c100d68                __divsi3
                0x0c100d68                __aeabi_idiv
                0x0c100e90                __aeabi_idivmod
 .text          0x0c100eb0        0x4 c:/software/electronica/arm/eclipsearm/sourcery-g++-lite-arm-2011.03/bin/../lib/gcc/arm-none-eabi/4.5.2\libgcc.a(_dvmd_tls.o)
                0x0c100eb0                __aeabi_idiv0
                0x0c100eb0                __aeabi_ldiv0
                0x0c100eb4                PROVIDE (end, .)
START GROUP
LOAD c:/software/electronica/arm/eclipsearm/sourcery-g++-lite-arm-2011.03/bin/../lib/gcc/arm-none-eabi/4.5.2\libgcc.a
LOAD c:/software/electronica/arm/eclipsearm/sourcery-g++-lite-arm-2011.03/bin/../lib/gcc/arm-none-eabi/4.5.2/../../../../arm-none-eabi/lib\libg.a
LOAD c:/software/electronica/arm/eclipsearm/sourcery-g++-lite-arm-2011.03/bin/../lib/gcc/arm-none-eabi/4.5.2/../../../../arm-none-eabi/lib\libc.a
LOAD c:/software/electronica/arm/eclipsearm/sourcery-g++-lite-arm-2011.03/bin/../lib/gcc/arm-none-eabi/4.5.2/../../../../arm-none-eabi/lib\libm.a
LOAD c:/software/electronica/arm/eclipsearm/sourcery-g++-lite-arm-2011.03/bin/../lib/gcc/arm-none-eabi/4.5.2/../../../../arm-none-eabi/lib\libnosys.a
END GROUP
OUTPUT(Lab3.elf elf32-littlearm)

.glue_7         0x0c100eb4        0x0
 .glue_7        0x00000000        0x0 linker stubs

.glue_7t        0x0c100eb4        0x0
 .glue_7t       0x00000000        0x0 linker stubs

.vfp11_veneer   0x0c100eb4        0x0
 .vfp11_veneer  0x00000000        0x0 linker stubs

.v4_bx          0x0c100eb4        0x0
 .v4_bx         0x00000000        0x0 linker stubs

.debug_abbrev   0x00000000      0x3b6
 .debug_abbrev  0x00000000       0x88 ./D8Led.o
 .debug_abbrev  0x00000088       0x14 ./init.o
 .debug_abbrev  0x0000009c       0xdc ./keyboard.o
 .debug_abbrev  0x00000178       0x6b ./leds.o
 .debug_abbrev  0x000001e3       0x70 ./main.o
 .debug_abbrev  0x00000253       0xaf ./timer.o
 .debug_abbrev  0x00000302       0xb4 ./utils.o

.debug_info     0x00000000      0x650
 .debug_info    0x00000000       0xdf ./D8Led.o
 .debug_info    0x000000df       0x5b ./init.o
 .debug_info    0x0000013a      0x11b ./keyboard.o
 .debug_info    0x00000255      0x112 ./leds.o
 .debug_info    0x00000367       0x81 ./main.o
 .debug_info    0x000003e8      0x15a ./timer.o
 .debug_info    0x00000542      0x10e ./utils.o

.debug_line     0x00000000      0x3c7
 .debug_line    0x00000000       0x6d ./D8Led.o
 .debug_line    0x0000006d       0x4e ./init.o
 .debug_line    0x000000bb       0xc6 ./keyboard.o
 .debug_line    0x00000181       0x7a ./leds.o
 .debug_line    0x000001fb       0x9e ./main.o
 .debug_line    0x00000299       0xad ./timer.o
 .debug_line    0x00000346       0x81 ./utils.o

.debug_macinfo  0x00000000    0x1daea
 .debug_macinfo
                0x00000000     0x5304 ./D8Led.o
 .debug_macinfo
                0x00005304     0x4e69 ./keyboard.o
 .debug_macinfo
                0x0000a16d     0x4e71 ./leds.o
 .debug_macinfo
                0x0000efde     0x4e73 ./main.o
 .debug_macinfo
                0x00013e51     0x4e5d ./timer.o
 .debug_macinfo
                0x00018cae     0x4e3c ./utils.o

.debug_loc      0x00000000      0x3f4
 .debug_loc     0x00000000       0x84 ./D8Led.o
 .debug_loc     0x00000084       0x84 ./keyboard.o
 .debug_loc     0x00000108      0x18c ./leds.o
 .debug_loc     0x00000294       0x58 ./main.o
 .debug_loc     0x000002ec       0xb0 ./timer.o
 .debug_loc     0x0000039c       0x58 ./utils.o

.debug_pubnames
                0x00000000      0x19a
 .debug_pubnames
                0x00000000       0x43 ./D8Led.o
 .debug_pubnames
                0x00000043       0x24 ./keyboard.o
 .debug_pubnames
                0x00000067       0x93 ./leds.o
 .debug_pubnames
                0x000000fa       0x2c ./main.o
 .debug_pubnames
                0x00000126       0x40 ./timer.o
 .debug_pubnames
                0x00000166       0x34 ./utils.o

.debug_aranges  0x00000000       0xe0
 .debug_aranges
                0x00000000       0x20 ./D8Led.o
 .debug_aranges
                0x00000020       0x20 ./init.o
 .debug_aranges
                0x00000040       0x20 ./keyboard.o
 .debug_aranges
                0x00000060       0x20 ./leds.o
 .debug_aranges
                0x00000080       0x20 ./main.o
 .debug_aranges
                0x000000a0       0x20 ./timer.o
 .debug_aranges
                0x000000c0       0x20 ./utils.o

.debug_str      0x00000000      0x29c
 .debug_str     0x00000000       0x85 ./D8Led.o
 .debug_str     0x00000085       0x96 ./keyboard.o
                                 0xc7 (size before relaxing)
 .debug_str     0x0000011b       0x73 ./leds.o
                                 0xb9 (size before relaxing)
 .debug_str     0x0000018e       0x1c ./main.o
                                 0x78 (size before relaxing)
 .debug_str     0x000001aa       0x76 ./timer.o
                                 0xef (size before relaxing)
 .debug_str     0x00000220       0x7c ./utils.o
                                 0xbc (size before relaxing)

.comment        0x00000000       0x2a
 .comment       0x00000000       0x2a ./D8Led.o
                                 0x2b (size before relaxing)
 .comment       0x00000000       0x2b ./keyboard.o
 .comment       0x00000000       0x2b ./leds.o
 .comment       0x00000000       0x2b ./main.o
 .comment       0x00000000       0x2b ./timer.o
 .comment       0x00000000       0x2b ./utils.o

.ARM.attributes
                0x00000000       0x30
 .ARM.attributes
                0x00000000       0x32 ./D8Led.o
 .ARM.attributes
                0x00000032       0x22 ./init.o
 .ARM.attributes
                0x00000054       0x32 ./keyboard.o
 .ARM.attributes
                0x00000086       0x32 ./leds.o
 .ARM.attributes
                0x000000b8       0x32 ./main.o
 .ARM.attributes
                0x000000ea       0x32 ./timer.o
 .ARM.attributes
                0x0000011c       0x32 ./utils.o
 .ARM.attributes
                0x0000014e       0x1a c:/software/electronica/arm/eclipsearm/sourcery-g++-lite-arm-2011.03/bin/../lib/gcc/arm-none-eabi/4.5.2\libgcc.a(_divsi3.o)
 .ARM.attributes
                0x00000168       0x18 c:/software/electronica/arm/eclipsearm/sourcery-g++-lite-arm-2011.03/bin/../lib/gcc/arm-none-eabi/4.5.2\libgcc.a(_dvmd_tls.o)

.debug_frame    0x00000000      0x378
 .debug_frame   0x00000000       0x70 ./D8Led.o
 .debug_frame   0x00000070       0x7c ./keyboard.o
 .debug_frame   0x000000ec      0x130 ./leds.o
 .debug_frame   0x0000021c       0x50 ./main.o
 .debug_frame   0x0000026c       0x9c ./timer.o
 .debug_frame   0x00000308       0x50 ./utils.o
 .debug_frame   0x00000358       0x20 c:/software/electronica/arm/eclipsearm/sourcery-g++-lite-arm-2011.03/bin/../lib/gcc/arm-none-eabi/4.5.2\libgcc.a(_divsi3.o)

.debug_pubtypes
                0x00000000       0x69
 .debug_pubtypes
                0x00000000       0x1d ./keyboard.o
 .debug_pubtypes
                0x0000001d       0x12 ./main.o
 .debug_pubtypes
                0x0000002f       0x1d ./timer.o
 .debug_pubtypes
                0x0000004c       0x1d ./utils.o
